
> carstrims-frontend@0.1.0 build
> next build

node.exe :  ΓÜá Invalid next.config.js options detected: 
At line:1 char:1
+ & "C:\Program Files\nodejs/node.exe" "C:\Program Files\nodejs/node_mo ...
+ ~~~~~~~~~~~~~~~~~~~~~~~~~~~~~~~~~~~~~~~~~~~~~~~~~~~~~~~~~~~~~~~~~~~~~
    + CategoryInfo          : NotSpecified: ( ΓÜá Invalid ne...ions detected: :String) [], RemoteException
    + FullyQualifiedErrorId : NativeCommandError
 
 ΓÜá     Unrecognized key(s) in object: 'outputFileTracingRoot' at "experimental"
 ΓÜá See more info here: https://nextjs.org/docs/messages/invalid-next-config
 ΓÜá `experimental.outputFileTracingRoot` has been moved to `outputFileTracingRoot`. Please update your next.config.js file accordingly.
   Γû▓ Next.js 15.5.4
   - Environments: .env.local, .env.production
   - Experiments (use with caution):
     ┬╖ outputFileTracingRoot: "C:\\Users\\USER\\car-dealer-app\\frontend"

   Creating an optimized production build ...
Failed to compile.

./app/(auth)/forgot-password/page.tsx
Module not found: Can't resolve '@/lib/api'

https://nextjs.org/docs/messages/module-not-found

./app/(auth)/login/page.tsx
Module not found: Can't resolve '@/lib/api'

https://nextjs.org/docs/messages/module-not-found

./app/(auth)/login/page.tsx
Module not found: Can't resolve '@/store/authStore'

https://nextjs.org/docs/messages/module-not-found

./app/(auth)/register/page.tsx
Module not found: Can't resolve '@/lib/api'

https://nextjs.org/docs/messages/module-not-found

./app/(public)/cars/[carId]/page.tsx
Module not found: Can't resolve '@/lib/api'

https://nextjs.org/docs/messages/module-not-found


> Build failed because of webpack errors
npm error Lifecycle script `build` failed with error:
npm error code 1
npm error path C:\Users\USER\car-dealer-app\frontend
npm error workspace carstrims-frontend@0.1.0
npm error location C:\Users\USER\car-dealer-app\frontend
npm error command failed
npm error command C:\Windows\system32\cmd.exe /d /s /c next build
